{"data_json":"eyJmbG9hdCI6MS41LCJpbnRlZ2VyIjoxLCJpbnRlZ2VyX2FycmF5IjpbMSwyLDNdLCJvYmplY3QiOnsia2V5IjoidmFsdWUifSwic3RyaW5nIjoic3RyaW5nIiwic3RyaW5nX2FycmF5IjpbImEiLCJiIiwiYyJdfQ==","data_yaml":"ZmxvYXQ6IDEuNQppbnRlZ2VyOiAxCmludGVnZXJfYXJyYXk6CiAgICAtIDEKICAgIC0gMgogICAgLSAzCm9iamVjdDoKICAgIGtleTogdmFsdWUKc3RyaW5nOiBzdHJpbmcKc3RyaW5nX2FycmF5OgogICAgLSBhCiAgICAtIGIKICAgIC0gYwo="}